LCD.c:28:13:LCD_Reset	8	static
LCD.c:41:13:LCD_WriteReg	16	static
LCD.c:48:13:LCD_WriteData_8Bit	16	static
LCD.c:55:13:LCD_WriteData_16Bit	16	static
LCD.c:63:13:LCD_WriteData_NLen16Bit	24	static
LCD.c:78:13:LCD_InitReg	8	static
LCD.c:178:6:LCD_SetGramScanWay	24	static
LCD.c:246:6:LCD_Init	16	static
LCD.c:279:6:LCD_SetWindows	24	static
LCD.c:305:6:LCD_SetCursor	16	static
LCD.c:315:6:LCD_SetColor	16	static
LCD.c:326:6:LCD_SetPointlColor	16	static
LCD.c:342:6:LCD_SetArealColor	24	static
LCD.c:353:6:LCD_Clear	24	static
LCD.c:367:6:LCD_DrawPoint	32	static
LCD.c:401:6:LCD_DrawLine	64	static
LCD.c:456:6:LCD_DrawRectangle	40	static
LCD.c:486:6:LCD_DrawCircle	40	static
LCD.c:556:6:LCD_DisplayChar	40	static
LCD.c:602:6:LCD_DisplayString	40	static
LCD.c:645:6:LCD_DisplayNum	560	static
LCD.c:675:6:LCD_Show	80	static
