udp_server.c:76:6:udp_server_init	16	static
udp_server.c:92:6:udp_server_receive_callback	32	static
udp_server.c:106:10:find_end_of_new_msg	16	static
udp_server.c:114:7:copy_to_pbuf	40	static
udp_server.c:140:6:process_data	8	static
udp_server.c:187:6:clear_control_val	8	static
udp_server.c:195:10:find_end_of_msg	16	static
udp_server.c:203:6:get_path_info	16	static
udp_server.c:224:6:check_if_dir_exists	16	static
udp_server.c:241:6:save_to_file	128	static
udp_server.c:282:6:parse_path_and_delete_file	112	static
udp_server.c:302:6:parse_path_and_delete_directory	112	static
udp_server.c:322:6:read_and_send_file	128	static
udp_server.c:357:6:parse_path_and_create_directory	112	static
udp_server.c:380:10:read_file	24	static
udp_server.c:394:10:write_file	24	static
udp_server.c:415:10:find_size	24	static
udp_server.c:425:10:scan_dir	104	static
udp_server.c:452:10:check_existance	24	static
udp_server.c:459:10:delete_file	24	static
udp_server.c:469:10:delete_directory	16	static
udp_server.c:498:10:create_directory	24	static
