udp_server.c:71:6:udp_server_init	16	static
udp_server.c:87:6:udp_server_receive_callback	32	static
udp_server.c:100:7:copy_to_pbuf	40	static
udp_server.c:126:6:process_data	8	static
udp_server.c:169:10:find_end_of_msg	16	static
udp_server.c:177:6:get_path_info	16	static
udp_server.c:198:6:check_if_dir_exists	16	static
udp_server.c:215:6:save_to_file	120	static
udp_server.c:236:6:parse_path_and_delete_file	112	static
udp_server.c:256:6:parse_path_and_delete_directory	112	static
udp_server.c:276:6:read_and_send_file	128	static
udp_server.c:309:6:parse_path_and_create_directory	112	static
udp_server.c:332:10:read_file	24	static
udp_server.c:346:10:write_file	24	static
udp_server.c:367:10:find_size	24	static
udp_server.c:377:10:scan_dir	104	static
udp_server.c:404:10:check_existance	24	static
udp_server.c:411:10:delete_file	24	static
udp_server.c:421:10:delete_directory	16	static
udp_server.c:450:10:create_directory	24	static
