udp_server.c:90:6:udp_server_init	16	static
udp_server.c:108:6:udp_server_receive_callback	32	static
udp_server.c:124:10:find_end_of_new_msg	16	static
udp_server.c:132:7:copy_to_pbuf	40	static
udp_server.c:159:10:login_user	88	static
udp_server.c:199:10:check_if_logged	16	static
udp_server.c:216:6:process_data	24	static
udp_server.c:285:10:login_public	96	static
udp_server.c:328:10:logout	16	static
udp_server.c:335:6:clear_control_val	8	static
udp_server.c:343:10:find_end_of_msg	16	static
udp_server.c:351:6:prepare_response	24	static
udp_server.c:358:6:get_path_info	24	static
udp_server.c:375:6:check_if_dir_exists	24	static
udp_server.c:400:6:save_to_file	128	static
udp_server.c:441:6:parse_path_and_delete_file	112	static
udp_server.c:461:6:parse_path_and_delete_directory	112	static
udp_server.c:481:6:read_and_send_file	136	static
udp_server.c:512:6:parse_path_and_create_directory	112	static
udp_server.c:535:10:read_file	32	static
udp_server.c:548:10:write_file	24	static
udp_server.c:569:10:find_size	24	static
udp_server.c:579:10:scan_dir	104	static
udp_server.c:606:10:check_existance	24	static
udp_server.c:613:10:delete_file	24	static
udp_server.c:623:10:delete_directory	16	static
udp_server.c:652:10:create_directory	24	static
udp_server.c:664:10:login	24	static
