udp_server.c:61:6:udp_server_init	16	static
udp_server.c:77:6:udp_server_receive_callback	32	static
udp_server.c:90:7:copy_to_pbuf	40	static
udp_server.c:116:6:process_data	8	static
udp_server.c:147:10:find_end_of_msg	16	static
udp_server.c:155:6:get_path_info	16	static
udp_server.c:176:6:check_if_dir_exists	16	static
udp_server.c:193:6:save_to_file	120	static
udp_server.c:214:6:parse_path_and_delete_file	112	static
udp_server.c:238:10:read_file	24	static
udp_server.c:249:10:write_file	24	static
udp_server.c:270:10:find_size	24	static
udp_server.c:280:10:scan_dir	104	static
udp_server.c:307:10:check_existance	24	static
udp_server.c:314:10:delete_file	24	static
udp_server.c:324:10:delete_directory	488	static
udp_server.c:351:10:create_directory	24	static
