udp_server.c:110:6:udp_server_init	32	static
udp_server.c:150:6:udp_server_receive_callback	32	static
udp_server.c:168:10:find_end_of_new_msg	16	static
udp_server.c:176:7:copy_to_pbuf	40	static
udp_server.c:203:10:login_user	96	static
udp_server.c:265:10:check_if_logged	16	static
udp_server.c:278:10:count_users	16	static
udp_server.c:287:6:force_logout	24	static
udp_server.c:295:6:process_data	24	static
udp_server.c:395:6:get_logged	24	static
udp_server.c:410:6:set_privileges	88	static
udp_server.c:465:6:del_user	488	static
udp_server.c:515:6:add_user	200	static
udp_server.c:595:10:login_public	16	static
udp_server.c:603:10:exit_public	4	static
udp_server.c:607:10:logout	16	static
udp_server.c:620:6:clear_control_val	8	static
udp_server.c:628:10:find_end_of_msg	16	static
udp_server.c:636:6:prepare_response	24	static
udp_server.c:643:6:get_path_info	24	static
udp_server.c:657:6:check_if_dir_exists	56	static
udp_server.c:692:6:save_to_file	136	static
udp_server.c:739:6:parse_path_and_delete_file	112	static
udp_server.c:759:6:parse_path_and_delete_directory	112	static
udp_server.c:779:6:read_and_send_file	136	static
udp_server.c:812:6:parse_path_and_create_directory	112	static
udp_server.c:835:10:read_file	32	static
udp_server.c:848:10:write_file	24	static
udp_server.c:869:10:find_size	24	static
udp_server.c:879:10:scan_dir	104	static
udp_server.c:906:10:check_existance	24	static
udp_server.c:913:10:delete_file	24	static
udp_server.c:924:10:delete_directory	904	static
udp_server.c:950:9:delete_node	120	static
udp_server.c:993:10:create_directory	24	static
